--------------------------------------------------------------------------------
Release 14.2 Trace  (nt64)
Copyright (c) 1995-2012 Xilinx, Inc.  All rights reserved.

D:\Xilinx\14.2\ISE_DS\ISE\bin\nt64\unwrapped\trce.exe -intstyle ise -v 3 -s 5
-n 3 -fastpaths -xml DISPLAY.twx DISPLAY.ncd -o DISPLAY.twr DISPLAY.pcf

Design file:              DISPLAY.ncd
Physical constraint file: DISPLAY.pcf
Device,package,speed:     xc3s500e,fg320,-5 (PRODUCTION 1.27 2012-07-09)
Report level:             verbose report

Environment Variable      Effect 
--------------------      ------ 
NONE                      No environment variables were set
--------------------------------------------------------------------------------

INFO:Timing:2698 - No timing constraints found, doing default enumeration.
INFO:Timing:3412 - To improve timing, see the Timing Closure User Guide (UG612).
INFO:Timing:2752 - To get complete path coverage, use the unconstrained paths 
   option. All paths that are not constrained will be reported in the 
   unconstrained paths section(s) of the report.
INFO:Timing:3339 - The clock-to-out numbers in this timing report are based on 
   a 50 Ohm transmission line loading model.  For the details of this model, 
   and for more information on accounting for different loading conditions, 
   please see the device datasheet.
INFO:Timing:3390 - This architecture does not support a default System Jitter 
   value, please add SYSTEM_JITTER constraint to the UCF to modify the Clock 
   Uncertainty calculation.
INFO:Timing:3389 - This architecture does not support 'Discrete Jitter' and 
   'Phase Error' calculations, these terms will be zero in the Clock 
   Uncertainty calculation.  Please make appropriate modification to 
   SYSTEM_JITTER to account for the unsupported Discrete Jitter and Phase 
   Error.



Data Sheet report:
-----------------
All values displayed in nanoseconds (ns)

Clock clk to Pad
------------+------------+------------------+--------+
            | clk (edge) |                  | Clock  |
Destination |   to PAD   |Internal Clock(s) | Phase  |
------------+------------+------------------+--------+
SEG<0>      |   11.739(R)|clk_BUFGP         |   0.000|
SEG<1>      |   11.603(R)|clk_BUFGP         |   0.000|
SEG<2>      |   11.617(R)|clk_BUFGP         |   0.000|
SEG<3>      |   11.699(R)|clk_BUFGP         |   0.000|
SEG<4>      |   11.700(R)|clk_BUFGP         |   0.000|
SEG<5>      |   11.420(R)|clk_BUFGP         |   0.000|
SEG<6>      |   10.175(R)|clk_BUFGP         |   0.000|
SEG<7>      |    8.229(R)|clk_BUFGP         |   0.000|
ce1ms       |    7.117(R)|clk_BUFGP         |   0.000|
------------+------------+------------------+--------+

Clock to Setup on destination clock clk
---------------+---------+---------+---------+---------+
               | Src:Rise| Src:Fall| Src:Rise| Src:Fall|
Source Clock   |Dest:Rise|Dest:Rise|Dest:Fall|Dest:Fall|
---------------+---------+---------+---------+---------+
clk            |    3.996|         |         |         |
---------------+---------+---------+---------+---------+

Pad to Pad
---------------+---------------+---------+
Source Pad     |Destination Pad|  Delay  |
---------------+---------------+---------+
PTR<0>         |SEG<7>         |    5.854|
PTR<1>         |SEG<7>         |    5.687|
dat<0>         |SEG<0>         |    7.743|
dat<0>         |SEG<1>         |    7.755|
dat<0>         |SEG<2>         |    7.802|
dat<0>         |SEG<3>         |    7.652|
dat<0>         |SEG<4>         |    7.704|
dat<0>         |SEG<5>         |    7.373|
dat<0>         |SEG<6>         |    7.654|
dat<1>         |SEG<0>         |    7.842|
dat<1>         |SEG<1>         |    7.862|
dat<1>         |SEG<2>         |    7.853|
dat<1>         |SEG<3>         |    7.807|
dat<1>         |SEG<4>         |    7.803|
dat<1>         |SEG<5>         |    7.528|
dat<1>         |SEG<6>         |    7.537|
dat<2>         |SEG<0>         |    8.309|
dat<2>         |SEG<1>         |    8.173|
dat<2>         |SEG<2>         |    8.187|
dat<2>         |SEG<3>         |    8.269|
dat<2>         |SEG<4>         |    8.270|
dat<2>         |SEG<5>         |    7.990|
dat<2>         |SEG<6>         |    6.683|
dat<3>         |SEG<0>         |    8.542|
dat<3>         |SEG<1>         |    8.417|
dat<3>         |SEG<2>         |    8.458|
dat<3>         |SEG<3>         |    8.473|
dat<3>         |SEG<4>         |    8.503|
dat<3>         |SEG<5>         |    8.194|
dat<3>         |SEG<6>         |    7.168|
dat<4>         |SEG<0>         |    7.396|
dat<4>         |SEG<1>         |    7.408|
dat<4>         |SEG<2>         |    7.455|
dat<4>         |SEG<3>         |    7.305|
dat<4>         |SEG<4>         |    7.357|
dat<4>         |SEG<5>         |    7.026|
dat<4>         |SEG<6>         |    7.307|
dat<5>         |SEG<0>         |    7.325|
dat<5>         |SEG<1>         |    7.345|
dat<5>         |SEG<2>         |    7.336|
dat<5>         |SEG<3>         |    7.290|
dat<5>         |SEG<4>         |    7.286|
dat<5>         |SEG<5>         |    7.011|
dat<5>         |SEG<6>         |    7.020|
dat<6>         |SEG<0>         |    8.656|
dat<6>         |SEG<1>         |    8.520|
dat<6>         |SEG<2>         |    8.534|
dat<6>         |SEG<3>         |    8.616|
dat<6>         |SEG<4>         |    8.617|
dat<6>         |SEG<5>         |    8.337|
dat<6>         |SEG<6>         |    7.030|
dat<7>         |SEG<0>         |    8.796|
dat<7>         |SEG<1>         |    8.671|
dat<7>         |SEG<2>         |    8.712|
dat<7>         |SEG<3>         |    8.727|
dat<7>         |SEG<4>         |    8.757|
dat<7>         |SEG<5>         |    8.448|
dat<7>         |SEG<6>         |    7.422|
dat<8>         |SEG<0>         |    7.609|
dat<8>         |SEG<1>         |    7.621|
dat<8>         |SEG<2>         |    7.668|
dat<8>         |SEG<3>         |    7.518|
dat<8>         |SEG<4>         |    7.570|
dat<8>         |SEG<5>         |    7.239|
dat<8>         |SEG<6>         |    7.520|
dat<9>         |SEG<0>         |    7.518|
dat<9>         |SEG<1>         |    7.538|
dat<9>         |SEG<2>         |    7.529|
dat<9>         |SEG<3>         |    7.483|
dat<9>         |SEG<4>         |    7.479|
dat<9>         |SEG<5>         |    7.204|
dat<9>         |SEG<6>         |    7.213|
dat<10>        |SEG<0>         |    8.556|
dat<10>        |SEG<1>         |    8.420|
dat<10>        |SEG<2>         |    8.434|
dat<10>        |SEG<3>         |    8.516|
dat<10>        |SEG<4>         |    8.517|
dat<10>        |SEG<5>         |    8.237|
dat<10>        |SEG<6>         |    6.930|
dat<11>        |SEG<0>         |    8.895|
dat<11>        |SEG<1>         |    8.770|
dat<11>        |SEG<2>         |    8.811|
dat<11>        |SEG<3>         |    8.826|
dat<11>        |SEG<4>         |    8.856|
dat<11>        |SEG<5>         |    8.547|
dat<11>        |SEG<6>         |    7.521|
dat<12>        |SEG<0>         |    7.779|
dat<12>        |SEG<1>         |    7.791|
dat<12>        |SEG<2>         |    7.838|
dat<12>        |SEG<3>         |    7.688|
dat<12>        |SEG<4>         |    7.740|
dat<12>        |SEG<5>         |    7.409|
dat<12>        |SEG<6>         |    7.690|
dat<13>        |SEG<0>         |    7.662|
dat<13>        |SEG<1>         |    7.682|
dat<13>        |SEG<2>         |    7.673|
dat<13>        |SEG<3>         |    7.627|
dat<13>        |SEG<4>         |    7.623|
dat<13>        |SEG<5>         |    7.348|
dat<13>        |SEG<6>         |    7.357|
dat<14>        |SEG<0>         |    9.397|
dat<14>        |SEG<1>         |    9.261|
dat<14>        |SEG<2>         |    9.275|
dat<14>        |SEG<3>         |    9.357|
dat<14>        |SEG<4>         |    9.358|
dat<14>        |SEG<5>         |    9.078|
dat<14>        |SEG<6>         |    7.771|
dat<15>        |SEG<0>         |    9.332|
dat<15>        |SEG<1>         |    9.207|
dat<15>        |SEG<2>         |    9.248|
dat<15>        |SEG<3>         |    9.263|
dat<15>        |SEG<4>         |    9.293|
dat<15>        |SEG<5>         |    8.984|
dat<15>        |SEG<6>         |    7.958|
---------------+---------------+---------+


Analysis completed Wed Feb 28 14:52:11 2018 
--------------------------------------------------------------------------------

Trace Settings:
-------------------------
Trace Settings 

Peak Memory Usage: 217 MB



