Release 14.2 - xst P.28xd (nt64)
Copyright (c) 1995-2012 Xilinx, Inc.  All rights reserved.
--> Parameter TMPDIR set to xst/projnav.tmp


Total REAL time to Xst completion: 0.00 secs
Total CPU time to Xst completion: 0.08 secs
 
--> Parameter xsthdpdir set to xst


Total REAL time to Xst completion: 0.00 secs
Total CPU time to Xst completion: 0.08 secs
 
--> Reading design: VCBmLED.prj

TABLE OF CONTENTS
  1) Synthesis Options Summary
  2) HDL Compilation
  3) Design Hierarchy Analysis
  4) HDL Analysis
  5) HDL Synthesis
     5.1) HDL Synthesis Report
  6) Advanced HDL Synthesis
     6.1) Advanced HDL Synthesis Report
  7) Low Level Synthesis
  8) Partition Report
  9) Final Report
	9.1) Device utilization summary
	9.2) Partition Resource Summary
	9.3) TIMING REPORT


=========================================================================
*                      Synthesis Options Summary                        *
=========================================================================
---- Source Parameters
Input File Name                    : "VCBmLED.prj"
Input Format                       : mixed
Ignore Synthesis Constraint File   : NO

---- Target Parameters
Output File Name                   : "VCBmLED"
Output Format                      : NGC
Target Device                      : xc3s500e-5-fg320

---- Source Options
Top Module Name                    : VCBmLED
Automatic FSM Extraction           : YES
FSM Encoding Algorithm             : Auto
Safe Implementation                : No
FSM Style                          : LUT
RAM Extraction                     : Yes
RAM Style                          : Auto
ROM Extraction                     : Yes
Mux Style                          : Auto
Decoder Extraction                 : YES
Priority Encoder Extraction        : Yes
Shift Register Extraction          : YES
Logical Shifter Extraction         : YES
XOR Collapsing                     : YES
ROM Style                          : Auto
Mux Extraction                     : Yes
Resource Sharing                   : YES
Asynchronous To Synchronous        : NO
Multiplier Style                   : Auto
Automatic Register Balancing       : No

---- Target Options
Add IO Buffers                     : YES
Global Maximum Fanout              : 100000
Add Generic Clock Buffer(BUFG)     : 24
Register Duplication               : YES
Slice Packing                      : YES
Optimize Instantiated Primitives   : NO
Use Clock Enable                   : Yes
Use Synchronous Set                : Yes
Use Synchronous Reset              : Yes
Pack IO Registers into IOBs        : Auto
Equivalent register Removal        : YES

---- General Options
Optimization Goal                  : Speed
Optimization Effort                : 1
Keep Hierarchy                     : No
Netlist Hierarchy                  : As_Optimized
RTL Output                         : Yes
Global Optimization                : AllClockNets
Read Cores                         : YES
Write Timing Constraints           : NO
Cross Clock Analysis               : NO
Hierarchy Separator                : /
Bus Delimiter                      : <>
Case Specifier                     : Maintain
Slice Utilization Ratio            : 100
BRAM Utilization Ratio             : 100
Verilog 2001                       : YES
Auto BRAM Packing                  : NO
Slice Utilization Ratio Delta      : 5

=========================================================================


=========================================================================
*                          HDL Compilation                              *
=========================================================================
Compiling verilog file "VCBmLED.v" in library work
Module <VCBmLED> compiled
No errors in compilation
Analysis of file <"VCBmLED.prj"> succeeded.
 

=========================================================================
*                     Design Hierarchy Analysis                         *
=========================================================================
Analyzing hierarchy for module <VCBmLED> in library <work>.


=========================================================================
*                            HDL Analysis                               *
=========================================================================
Analyzing top module <VCBmLED>.
Module <VCBmLED> is correct for synthesis.
 

=========================================================================
*                           HDL Synthesis                               *
=========================================================================

Performing bidirectional port resolution...

Synthesizing Unit <VCBmLED>.
    Related source file is "VCBmLED.v".
    Found 4-bit updown counter for signal <Q>.
    Summary:
	inferred   1 Counter(s).
Unit <VCBmLED> synthesized.


=========================================================================
HDL Synthesis Report

Macro Statistics
# Counters                                             : 1
 4-bit updown counter                                  : 1

=========================================================================

=========================================================================
*                       Advanced HDL Synthesis                          *
=========================================================================


=========================================================================
Advanced HDL Synthesis Report

Macro Statistics
# Counters                                             : 1
 4-bit updown counter                                  : 1

=========================================================================

=========================================================================
*                         Low Level Synthesis                           *
=========================================================================

Optimizing unit <VCBmLED> ...

Mapping all equations...
Building and optimizing final netlist ...
Found area constraint ratio of 100 (+ 5) on block VCBmLED, actual ratio is 0.

Final Macro Processing ...

=========================================================================
Final Register Report

Macro Statistics
# Registers                                            : 4
 Flip-Flops                                            : 4

=========================================================================

=========================================================================
*                           Partition Report                            *
=========================================================================

Partition Implementation Status
-------------------------------

  No Partitions were found in this design.

-------------------------------

=========================================================================
*                            Final Report                               *
=========================================================================
Final Results
RTL Top Level Output File Name     : VCBmLED.ngr
Top Level Output File Name         : VCBmLED
Output Format                      : NGC
Optimization Goal                  : Speed
Keep Hierarchy                     : No

Design Statistics
# IOs                              : 15

Cell Usage :
# BELS                             : 13
#      LUT2                        : 3
#      LUT3                        : 1
#      LUT4                        : 5
#      LUT4_L                      : 2
#      MUXF5                       : 2
# FlipFlops/Latches                : 4
#      FDCE                        : 4
# Clock Buffers                    : 1
#      BUFGP                       : 1
# IO Buffers                       : 14
#      IBUF                        : 8
#      OBUF                        : 6
=========================================================================

Device utilization summary:
---------------------------

Selected Device : 3s500efg320-5 

 Number of Slices:                        6  out of   4656     0%  
 Number of Slice Flip Flops:              4  out of   9312     0%  
 Number of 4 input LUTs:                 11  out of   9312     0%  
 Number of IOs:                          15
 Number of bonded IOBs:                  15  out of    232     6%  
 Number of GCLKs:                         1  out of     24     4%  

---------------------------
Partition Resource Summary:
---------------------------

  No Partitions were found in this design.

---------------------------


=========================================================================
TIMING REPORT

NOTE: THESE TIMING NUMBERS ARE ONLY A SYNTHESIS ESTIMATE.
      FOR ACCURATE TIMING INFORMATION PLEASE REFER TO THE TRACE REPORT
      GENERATED AFTER PLACE-and-ROUTE.

Clock Information:
------------------
-----------------------------------+------------------------+-------+
Clock Signal                       | Clock buffer(FF name)  | Load  |
-----------------------------------+------------------------+-------+
clk                                | BUFGP                  | 4     |
-----------------------------------+------------------------+-------+

Asynchronous Control Signals Information:
----------------------------------------
-----------------------------------+------------------------+-------+
Control Signal                     | Buffer(FF name)        | Load  |
-----------------------------------+------------------------+-------+
clr                                | IBUF                   | 4     |
-----------------------------------+------------------------+-------+

Timing Summary:
---------------
Speed Grade: -5

   Minimum period: 2.716ns (Maximum Frequency: 368.182MHz)
   Minimum input arrival time before clock: 4.512ns
   Maximum output required time after clock: 6.681ns
   Maximum combinational path delay: 7.124ns

Timing Detail:
--------------
All values displayed in nanoseconds (ns)

=========================================================================
Timing constraint: Default period analysis for Clock 'clk'
  Clock period: 2.716ns (frequency: 368.182MHz)
  Total number of paths / destination ports: 10 / 4
-------------------------------------------------------------------------
Delay:               2.716ns (Levels of Logic = 2)
  Source:            Q_2 (FF)
  Destination:       Q_3 (FF)
  Source Clock:      clk rising
  Destination Clock: clk rising

  Data Path: Q_2 to Q_3
                                Gate     Net
    Cell:in->out      fanout   Delay   Delay  Logical Name (Net Name)
    ----------------------------------------  ------------
     FDCE:C->Q             5   0.514   0.607  Q_2 (Q_2)
     LUT4_L:I1->LO         1   0.612   0.103  Mcount_Q_xor<3>1_SW0 (N14)
     LUT4:I3->O            1   0.612   0.000  Mcount_Q_xor<3>1 (Mcount_Q4)
     FDCE:D                    0.268          Q_3
    ----------------------------------------
    Total                      2.716ns (2.006ns logic, 0.710ns route)
                                       (73.9% logic, 26.1% route)

=========================================================================
Timing constraint: Default OFFSET IN BEFORE for Clock 'clk'
  Total number of paths / destination ports: 22 / 8
-------------------------------------------------------------------------
Offset:              4.512ns (Levels of Logic = 4)
  Source:            ce (PAD)
  Destination:       Q_3 (FF)
  Destination Clock: clk rising

  Data Path: ce to Q_3
                                Gate     Net
    Cell:in->out      fanout   Delay   Delay  Logical Name (Net Name)
    ----------------------------------------  ------------
     IBUF:I->O             5   1.106   0.690  ce_IBUF (ce_IBUF)
     LUT2:I0->O            1   0.612   0.509  Mcount_Q_xor<3>1111 (N3)
     LUT4_L:I0->LO         1   0.612   0.103  Mcount_Q_xor<3>1_SW0 (N14)
     LUT4:I3->O            1   0.612   0.000  Mcount_Q_xor<3>1 (Mcount_Q4)
     FDCE:D                    0.268          Q_3
    ----------------------------------------
    Total                      4.512ns (3.210ns logic, 1.302ns route)
                                       (71.1% logic, 28.9% route)

=========================================================================
Timing constraint: Default OFFSET OUT AFTER for Clock 'clk'
  Total number of paths / destination ports: 18 / 6
-------------------------------------------------------------------------
Offset:              6.681ns (Levels of Logic = 4)
  Source:            Q_2 (FF)
  Destination:       CEO (PAD)
  Source Clock:      clk rising

  Data Path: Q_2 to CEO
                                Gate     Net
    Cell:in->out      fanout   Delay   Delay  Logical Name (Net Name)
    ----------------------------------------  ------------
     FDCE:C->Q             5   0.514   0.690  Q_2 (Q_2)
     LUT4:I0->O            1   0.612   0.000  TC_F (N19)
     MUXF5:I0->O           2   0.278   0.449  TC (TC_OBUF)
     LUT2:I1->O            1   0.612   0.357  CEO1 (CEO_OBUF)
     OBUF:I->O                 3.169          CEO_OBUF (CEO)
    ----------------------------------------
    Total                      6.681ns (5.185ns logic, 1.496ns route)
                                       (77.6% logic, 22.4% route)

=========================================================================
Timing constraint: Default path analysis
  Total number of paths / destination ports: 5 / 2
-------------------------------------------------------------------------
Delay:               7.124ns (Levels of Logic = 5)
  Source:            up (PAD)
  Destination:       CEO (PAD)

  Data Path: up to CEO
                                Gate     Net
    Cell:in->out      fanout   Delay   Delay  Logical Name (Net Name)
    ----------------------------------------  ------------
     IBUF:I->O             5   1.106   0.541  up_IBUF (up_IBUF)
     LUT4:I3->O            1   0.612   0.000  TC_F (N19)
     MUXF5:I0->O           2   0.278   0.449  TC (TC_OBUF)
     LUT2:I1->O            1   0.612   0.357  CEO1 (CEO_OBUF)
     OBUF:I->O                 3.169          CEO_OBUF (CEO)
    ----------------------------------------
    Total                      7.124ns (5.777ns logic, 1.347ns route)
                                       (81.1% logic, 18.9% route)

=========================================================================


Total REAL time to Xst completion: 6.00 secs
Total CPU time to Xst completion: 5.60 secs
 
--> 

Total memory usage is 324248 kilobytes

Number of errors   :    0 (   0 filtered)
Number of warnings :    0 (   0 filtered)
Number of infos    :    0 (   0 filtered)

