--------------------------------------------------------------------------------
Release 14.2 Trace  (nt64)
Copyright (c) 1995-2012 Xilinx, Inc.  All rights reserved.

D:\Xilinx\14.2\ISE_DS\ISE\bin\nt64\unwrapped\trce.exe -intstyle ise -v 3 -s 5
-n 3 -fastpaths -xml VCBmLED.twx VCBmLED.ncd -o VCBmLED.twr VCBmLED.pcf

Design file:              VCBmLED.ncd
Physical constraint file: VCBmLED.pcf
Device,package,speed:     xc3s500e,fg320,-5 (PRODUCTION 1.27 2012-07-09)
Report level:             verbose report

Environment Variable      Effect 
--------------------      ------ 
NONE                      No environment variables were set
--------------------------------------------------------------------------------

INFO:Timing:2698 - No timing constraints found, doing default enumeration.
INFO:Timing:3412 - To improve timing, see the Timing Closure User Guide (UG612).
INFO:Timing:2752 - To get complete path coverage, use the unconstrained paths 
   option. All paths that are not constrained will be reported in the 
   unconstrained paths section(s) of the report.
INFO:Timing:3339 - The clock-to-out numbers in this timing report are based on 
   a 50 Ohm transmission line loading model.  For the details of this model, 
   and for more information on accounting for different loading conditions, 
   please see the device datasheet.
INFO:Timing:3390 - This architecture does not support a default System Jitter 
   value, please add SYSTEM_JITTER constraint to the UCF to modify the Clock 
   Uncertainty calculation.
INFO:Timing:3389 - This architecture does not support 'Discrete Jitter' and 
   'Phase Error' calculations, these terms will be zero in the Clock 
   Uncertainty calculation.  Please make appropriate modification to 
   SYSTEM_JITTER to account for the unsupported Discrete Jitter and Phase 
   Error.



Data Sheet report:
-----------------
All values displayed in nanoseconds (ns)

Setup/Hold to clock clk
------------+------------+------------+------------------+--------+
            |Max Setup to|Max Hold to |                  | Clock  |
Source      | clk (edge) | clk (edge) |Internal Clock(s) | Phase  |
------------+------------+------------+------------------+--------+
L           |    1.677(R)|    1.167(R)|clk_BUFGP         |   0.000|
ce          |    2.495(R)|    0.237(R)|clk_BUFGP         |   0.000|
di<0>       |    0.340(R)|    0.859(R)|clk_BUFGP         |   0.000|
di<1>       |    0.497(R)|    0.734(R)|clk_BUFGP         |   0.000|
di<2>       |   -0.054(R)|    1.175(R)|clk_BUFGP         |   0.000|
di<3>       |    0.137(R)|    1.023(R)|clk_BUFGP         |   0.000|
up          |    2.524(R)|    0.195(R)|clk_BUFGP         |   0.000|
------------+------------+------------+------------------+--------+

Clock clk to Pad
------------+------------+------------------+--------+
            | clk (edge) |                  | Clock  |
Destination |   to PAD   |Internal Clock(s) | Phase  |
------------+------------+------------------+--------+
CEO         |    9.523(R)|clk_BUFGP         |   0.000|
Q<0>        |    7.411(R)|clk_BUFGP         |   0.000|
Q<1>        |    7.428(R)|clk_BUFGP         |   0.000|
Q<2>        |    7.091(R)|clk_BUFGP         |   0.000|
Q<3>        |    7.376(R)|clk_BUFGP         |   0.000|
TC          |    9.063(R)|clk_BUFGP         |   0.000|
------------+------------+------------------+--------+

Clock to Setup on destination clock clk
---------------+---------+---------+---------+---------+
               | Src:Rise| Src:Fall| Src:Rise| Src:Fall|
Source Clock   |Dest:Rise|Dest:Rise|Dest:Fall|Dest:Fall|
---------------+---------+---------+---------+---------+
clk            |    2.419|         |         |         |
---------------+---------+---------+---------+---------+

Pad to Pad
---------------+---------------+---------+
Source Pad     |Destination Pad|  Delay  |
---------------+---------------+---------+
ce             |CEO            |    5.880|
up             |CEO            |    7.108|
up             |TC             |    6.648|
---------------+---------------+---------+


Analysis completed Wed Feb 28 16:52:26 2018 
--------------------------------------------------------------------------------

Trace Settings:
-------------------------
Trace Settings 

Peak Memory Usage: 217 MB



